12:46:15 [INFO] 配置摘要:
12:46:15 [INFO]   抢券时间:     10:00:00
12:46:15 [INFO]   提前定位:     5 秒
12:46:15 [INFO]   重试次数:     3
12:46:15 [WARNING] 模板图片不存在: template.png，将使用备用坐标
12:46:15 [INFO] 已连接设备: 912e5b90
12:46:15 [INFO] NTP 同步成功 (服务器: ntp.aliyun.com)
12:46:15 [INFO]   PC 时钟偏差:   -0.035 秒
12:46:15 [INFO]   手机时钟偏差:  -0.459 秒
12:46:15 [INFO] 手动定位模式：正在截图并搜索按钮...
12:46:16 [ERROR] 脚本异常: a bytes-like object is required, not 'NoneType'
Traceback (most recent call last):
  File "D:\桌面\文件夹\转码\tricks\美团抢券脚本\main.py", line 102, in main
    result = sniper.manual_locate()
  File "D:\桌面\文件夹\转码\tricks\美团抢券脚本\sniper.py", line 224, in manual_locate
    save_screenshot("locate_result.png")
    ~~~~~~~~~~~~~~~^^^^^^^^^^^^^^^^^^^^^
  File "D:\桌面\文件夹\转码\tricks\美团抢券脚本\adb_controller.py", line 69, in save_screenshot
    img = screenshot()
  File "D:\桌面\文件夹\转码\tricks\美团抢券脚本\adb_controller.py", line 60, in screenshot
    img_array = np.frombuffer(img_bytes, np.uint8)
TypeError: a bytes-like object is required, not 'NoneType'
12:46:49 [INFO] 配置摘要:
12:46:49 [INFO]   抢券时间:     10:00:00
12:46:49 [INFO]   提前定位:     5 秒
12:46:49 [INFO]   重试次数:     3
12:46:49 [INFO] 加载缓存偏移: PC=-0.035s, 手机=-0.459s
12:46:49 [WARNING] 模板图片不存在: template.png，将使用备用坐标
12:46:49 [INFO] 已连接设备: 912e5b90
12:46:49 [INFO] NTP 同步成功 (服务器: ntp.aliyun.com)
12:46:49 [INFO]   PC 时钟偏差:   -0.037 秒
12:46:49 [INFO]   手机时钟偏差:  -0.461 秒
12:46:49 [INFO] 手动定位模式：正在截图并搜索按钮...
12:46:50 [INFO] 截图已保存: locate_result.png
12:46:50 [INFO] 按钮坐标: (540, 1800)
12:46:50 [INFO] 按钮坐标: (540, 1800)
12:58:11 [INFO] 配置摘要:
12:58:11 [INFO]   抢券时间:     13:00:00
12:58:11 [INFO]   提前定位:     5 秒
12:58:21 [INFO] 配置摘要:
12:58:21 [INFO]   抢券时间:     13:00:00
12:58:21 [INFO]   提前定位:     5 秒
12:58:21 [INFO]   手动坐标:     (959, 2598)
12:58:21 [INFO] 加载缓存偏移: PC=-0.037s, 手机=-0.461s
12:58:21 [WARNING] 模板图片不存在: template.png，将使用备用坐标
12:58:21 [INFO] ==================================================
12:58:21 [INFO] 美团卡点抢券脚本 v2 (Android ADB)
12:58:21 [INFO] 目标时间: 13:00:00.000000
12:58:21 [INFO] 提前连点: 15 秒
12:58:21 [INFO] ==================================================
12:58:21 [INFO] 已连接设备: 912e5b90
12:58:21 [INFO] NTP 同步成功 (服务器: ntp.aliyun.com)
12:58:21 [INFO]   PC 时钟偏差:   -0.027 秒
12:58:21 [INFO]   手机时钟偏差:  -0.457 秒
12:59:40 [INFO] 定位抢券按钮...
12:59:40 [WARNING] 模板图片不存在，使用备用坐标 (959, 2598)
12:59:40 [INFO] 最终点击坐标: (959, 2598)
12:59:40 [INFO] 连点窗口: 12:59:45.000000 → 13:00:05.000000 (NTP)
12:59:40 [INFO] 手机时钟偏差: +457 ms
12:59:40 [INFO] 推送连点脚本到手机...
12:59:50 [ERROR] 脚本异常: Command '['C:\\Users\\29543\\AppData\\Local\\Microsoft\\WinGet\\Packages\\Google.PlatformTools_Microsoft.Winget.Source_8wekyb3d8bbwe\\platform-tools\\adb.exe', 'shell', 'sh', '/data/local/tmp/sniper_tap.sh', '&']' timed out after 10 seconds
Traceback (most recent call last):
  File "D:\桌面\文件夹\转码\tricks\美团抢券脚本\main.py", line 106, in main
    result = sniper.run()
  File "D:\桌面\文件夹\转码\tricks\美团抢券脚本\sniper.py", line 182, in run
    push_tap_script(phone_start_ms, phone_end_ms,
    ~~~~~~~~~~~~~~~^^^^^^^^^^^^^^^^^^^^^^^^^^^^^^
                    self._coords[0], self._coords[1])
                    ^^^^^^^^^^^^^^^^^^^^^^^^^^^^^^^^^
  File "D:\桌面\文件夹\转码\tricks\美团抢券脚本\adb_controller.py", line 158, in push_tap_script
    adb(["shell", "sh", phone_path, "&"])
    ~~~^^^^^^^^^^^^^^^^^^^^^^^^^^^^^^^^^^
  File "D:\桌面\文件夹\转码\tricks\美团抢券脚本\adb_controller.py", line 35, in adb
    return subprocess.run(cmd, capture_output=True, text=True,
           ~~~~~~~~~~~~~~^^^^^^^^^^^^^^^^^^^^^^^^^^^^^^^^^^^^^
                          encoding="utf-8", errors="replace", timeout=timeout)
                          ^^^^^^^^^^^^^^^^^^^^^^^^^^^^^^^^^^^^^^^^^^^^^^^^^^^^
  File "C:\Users\29543\AppData\Local\Programs\Python\Python313\Lib\subprocess.py", line 556, in run
    stdout, stderr = process.communicate(input, timeout=timeout)
                     ~~~~~~~~~~~~~~~~~~~^^^^^^^^^^^^^^^^^^^^^^^^
  File "C:\Users\29543\AppData\Local\Programs\Python\Python313\Lib\subprocess.py", line 1222, in communicate
    stdout, stderr = self._communicate(input, endtime, timeout)
                     ~~~~~~~~~~~~~~~~~^^^^^^^^^^^^^^^^^^^^^^^^^
  File "C:\Users\29543\AppData\Local\Programs\Python\Python313\Lib\subprocess.py", line 1646, in _communicate
    raise TimeoutExpired(self.args, orig_timeout)
subprocess.TimeoutExpired: Command '['C:\\Users\\29543\\AppData\\Local\\Microsoft\\WinGet\\Packages\\Google.PlatformTools_Microsoft.Winget.Source_8wekyb3d8bbwe\\platform-tools\\adb.exe', 'shell', 'sh', '/data/local/tmp/sniper_tap.sh', '&']' timed out after 10 seconds
13:00:54 [INFO] 配置摘要:
13:00:54 [INFO]   抢券时间:     13:02:00
13:00:54 [INFO]   提前定位:     10 秒
13:00:54 [INFO]   手动坐标:     (959, 2598)
13:00:54 [INFO] 加载缓存偏移: PC=-0.027s, 手机=-0.457s
13:00:54 [WARNING] 模板图片不存在: template.png，将使用备用坐标
13:00:54 [INFO] ==================================================
13:00:54 [INFO] 美团卡点抢券脚本 v2 (Android ADB)
13:00:54 [INFO] 目标时间: 13:02:00.000000
13:00:54 [INFO] 提前连点: 15 秒
13:00:54 [INFO] ==================================================
13:00:54 [INFO] 已连接设备: 912e5b90
13:00:54 [INFO] NTP 同步成功 (服务器: ntp.aliyun.com)
13:00:54 [INFO]   PC 时钟偏差:   -0.026 秒
13:00:54 [INFO]   手机时钟偏差:  -0.439 秒
13:01:35 [INFO] 定位抢券按钮...
13:01:35 [WARNING] 模板图片不存在，使用备用坐标 (959, 2598)
13:01:35 [INFO] 最终点击坐标: (959, 2598)
13:01:35 [INFO] 连点窗口: 13:01:45.000000 → 13:02:05.000000 (NTP)
13:01:35 [INFO] 手机时钟偏差: +438 ms
13:01:35 [INFO] 推送连点脚本到手机...
13:01:35 [INFO] 连点脚本已推送 (持续 20.0 秒, 从 1781326905438 ms 到 1781326925438 ms)
13:01:35 [INFO] 等待连点结束 (29.9 秒)...
13:02:06 [INFO] 截图已保存: result.png
13:02:06 [INFO] 结果截图已保存: result.png
13:02:06 [INFO] ==================================================
13:02:06 [INFO] 抢券完成
13:02:06 [INFO]   点击坐标: (959, 2598)
13:02:06 [INFO]   目标时间: 13:02:00.000000
13:02:06 [INFO] ==================================================
13:02:28 [INFO] 配置摘要:
13:02:28 [INFO]   抢券时间:     13:03:00
13:02:28 [INFO]   提前定位:     10 秒
13:02:28 [INFO]   手动坐标:     (959, 2598)
13:02:28 [INFO] 加载缓存偏移: PC=-0.026s, 手机=-0.439s
13:02:28 [WARNING] 模板图片不存在: template.png，将使用备用坐标
13:02:28 [INFO] ==================================================
13:02:28 [INFO] 美团卡点抢券脚本 v2 (Android ADB)
13:02:28 [INFO] 目标时间: 13:03:00.000000
13:02:28 [INFO] 提前连点: 15 秒
13:02:28 [INFO] ==================================================
13:02:28 [INFO] 已连接设备: 912e5b90
13:02:28 [INFO] NTP 同步成功 (服务器: ntp.aliyun.com)
13:02:28 [INFO]   PC 时钟偏差:   -0.025 秒
13:02:28 [INFO]   手机时钟偏差:  -0.436 秒
13:02:35 [INFO] 定位抢券按钮...
13:02:35 [WARNING] 模板图片不存在，使用备用坐标 (959, 2598)
13:02:35 [INFO] 最终点击坐标: (959, 2598)
13:02:35 [INFO] 连点窗口: 13:02:45.000000 → 13:03:05.000000 (NTP)
13:02:35 [INFO] 手机时钟偏差: +435 ms
13:02:35 [INFO] 推送连点脚本到手机...
13:02:35 [INFO] 连点脚本已推送 (持续 20.0 秒, 从 1781326965435 ms 到 1781326985435 ms)
13:02:35 [INFO] 等待连点结束 (30.0 秒)...
13:03:06 [INFO] 截图已保存: result.png
13:03:06 [INFO] 结果截图已保存: result.png
13:03:06 [INFO] ==================================================
13:03:06 [INFO] 抢券完成
13:03:06 [INFO]   点击坐标: (959, 2598)
13:03:06 [INFO]   目标时间: 13:03:00.000000
13:03:06 [INFO] ==================================================
13:07:09 [INFO] 配置摘要:
13:07:09 [INFO]   抢券时间:     13:08:00
13:07:09 [INFO]   提前定位:     10 秒
13:07:09 [INFO]   手动坐标:     (959, 2598)
13:07:09 [INFO] 加载缓存偏移: PC=-0.025s, 手机=-0.436s
13:07:09 [WARNING] 模板图片不存在: template.png，将使用备用坐标
13:07:09 [INFO] ==================================================
13:07:09 [INFO] 美团卡点抢券脚本 v2 (Android ADB)
13:07:09 [INFO] 目标时间: 13:08:00.000000
13:07:09 [INFO] 提前连点: 15 秒
13:07:09 [INFO] ==================================================
13:07:09 [INFO] 已连接设备: 912e5b90
13:07:10 [INFO] NTP 同步成功 (服务器: ntp.aliyun.com)
13:07:10 [INFO]   PC 时钟偏差:   -0.023 秒
13:07:10 [INFO]   手机时钟偏差:  -0.432 秒
13:07:35 [INFO] 定位抢券按钮...
13:07:35 [WARNING] 模板图片不存在，使用备用坐标 (959, 2598)
13:07:35 [INFO] 最终点击坐标: (959, 2598)
13:07:35 [INFO] 连点窗口: 13:07:45.000000 → 13:08:05.000000 (NTP)
13:07:35 [INFO] 手机时钟偏差: +431 ms
13:07:35 [INFO] 推送连点脚本到手机...
13:07:35 [INFO] 连点脚本已推送 (持续 20.0 秒, 从 1781327265431 ms 到 1781327285431 ms)
13:07:35 [INFO] 等待连点结束 (30.0 秒)...
13:08:06 [INFO] 截图已保存: result.png
13:08:06 [INFO] 结果截图已保存: result.png
13:08:06 [INFO] ==================================================
13:08:06 [INFO] 抢券完成
13:08:06 [INFO]   点击坐标: (959, 2598)
13:08:06 [INFO]   目标时间: 13:08:00.000000
13:08:06 [INFO] ==================================================
13:08:59 [INFO] 配置摘要:
13:08:59 [INFO]   抢券时间:     13:10:00
13:08:59 [INFO]   提前定位:     10 秒
13:08:59 [INFO]   手动坐标:     (959, 2598)
13:08:59 [INFO] 加载缓存偏移: PC=-0.023s, 手机=-0.432s
13:08:59 [WARNING] 模板图片不存在: template.png，将使用备用坐标
13:08:59 [INFO] ==================================================
13:08:59 [INFO] 美团卡点抢券脚本 v2 (Android ADB)
13:08:59 [INFO] 目标时间: 13:10:00.000000
13:08:59 [INFO] 提前连点: 15 秒
13:08:59 [INFO] ==================================================
13:08:59 [INFO] 已连接设备: 912e5b90
13:08:59 [INFO] NTP 同步成功 (服务器: ntp.aliyun.com)
13:08:59 [INFO]   PC 时钟偏差:   -0.025 秒
13:08:59 [INFO]   手机时钟偏差:  -0.441 秒
13:09:35 [INFO] 定位抢券按钮...
13:09:35 [WARNING] 模板图片不存在，使用备用坐标 (959, 2598)
13:09:35 [INFO] 最终点击坐标: (959, 2598)
13:09:35 [INFO] 连点窗口: 13:09:45.000000 → 13:10:05.000000 (NTP)
13:09:35 [INFO] 手机时钟偏差: +441 ms
13:09:35 [INFO] 推送连点脚本到手机...
13:09:35 [INFO] 连点脚本已推送 (持续 20.0 秒, 从 1781327385441 ms 到 1781327405441 ms)
13:09:35 [INFO] 等待连点结束 (29.9 秒)...
13:10:06 [INFO] 截图已保存: result.png
13:10:06 [INFO] 结果截图已保存: result.png
13:10:06 [INFO] ==================================================
13:10:06 [INFO] 抢券完成
13:10:06 [INFO]   点击坐标: (959, 2598)
13:10:06 [INFO]   目标时间: 13:10:00.000000
13:10:06 [INFO] ==================================================
13:27:07 [INFO] 加载缓存偏移 PC=-0.025s 手机=-0.441s
13:27:07 [INFO] ==================================================
13:27:07 [INFO] 美团卡点抢券  13:28:00  坐标(959, 2598)
13:27:07 [INFO] 设备已连接: 912e5b90
13:27:07 [INFO] NTP 同步成功  PC偏差-0.010s  手机偏差-0.460s
13:27:35 [INFO] 连点窗口 13:27:45.000 → 13:28:05.000
13:27:35 [INFO] 连点脚本已推送 (持续 20.0 秒)
13:28:06 [INFO] 截图已保存: result.png
13:28:06 [INFO] ==================================================
13:28:06 [INFO] 抢券完成  坐标(959, 2598)
13:28:29 [INFO] 加载缓存偏移 PC=-0.010s 手机=-0.460s
13:28:29 [INFO] ==================================================
13:28:29 [INFO] 美团卡点抢券  13:29:00  坐标(959, 2598)
13:28:29 [INFO] 设备已连接: 912e5b90
13:28:29 [INFO] NTP 同步成功  PC偏差-0.010s  手机偏差-0.460s
13:28:35 [INFO] 连点窗口 13:28:45.000 → 13:29:05.000
13:28:35 [INFO] 连点脚本已推送 (持续 20.0 秒)
13:29:06 [INFO] 截图已保存: result.png
13:29:06 [INFO] ==================================================
13:29:06 [INFO] 抢券完成  坐标(959, 2598)
13:30:32 [INFO] 加载缓存偏移 PC=-0.010s 手机=-0.460s
13:30:32 [INFO] ==================================================
13:30:32 [INFO] 美团卡点抢券  13:31:00  坐标(959, 2598)
13:30:32 [INFO] 设备已连接: 912e5b90
13:30:32 [INFO] NTP 同步成功  PC偏差-0.011s  手机偏差-0.441s
13:30:35 [INFO] 连点窗口 13:30:45.000 → 13:31:05.000
13:30:35 [INFO] 连点脚本已推送 (持续 20.0 秒)
13:31:06 [INFO] 截图已保存: result.png
13:31:06 [INFO] ==================================================
13:31:06 [INFO] 抢券完成  坐标(959, 2598)
